// Jest Snapshot v1, https://goo.gl/fbAQLP

exports[`BasicButton 컴포넌트 테스트 컴포넌트 렌더링 테스트 1`] = `
<View
  accessibilityState={
    {
      "busy": undefined,
      "checked": undefined,
      "disabled": undefined,
      "expanded": undefined,
      "selected": undefined,
    }
  }
  accessibilityValue={
    {
      "max": undefined,
      "min": undefined,
      "now": undefined,
      "text": undefined,
    }
  }
  accessible={true}
  collapsable={false}
  focusable={false}
  onClick={[Function]}
  onResponderGrant={[Function]}
  onResponderMove={[Function]}
  onResponderRelease={[Function]}
  onResponderTerminate={[Function]}
  onResponderTerminationRequest={[Function]}
  onStartShouldSetResponder={[Function]}
  style={
    {
      "alignItems": "center",
      "backgroundColor": "#4CAF50",
      "borderRadius": 16,
      "fontSize": 18,
      "marginVertical": 8,
      "opacity": 1,
      "paddingHorizontal": 24,
      "paddingVertical": 16,
    }
  }
>
  <Text
    style={
      {
        "color": "#FFFFFF",
        "fontSize": 22,
      }
    }
  />
</View>
`;
